2026-07-05 18:09:23,686 - INFO - Планировщик запущен. Обновление будет выполняться каждый день в 06:00.
2026-07-05 18:09:23,691 - INFO - ===== Запуск обновления индекса =====
2026-07-05 18:09:23,696 - INFO - Папка-источник: /app/new_docs
2026-07-05 18:09:23,698 - INFO - Загрузка модели эмбеддингов...
2026-07-05 18:09:23,734 - INFO - Loading SentenceTransformer model from /root/.cache/huggingface/hub/models--BAAI--bge-m3/snapshots/5617a9f61b028005a4858fdac845db406aefb181.
2026-07-05 18:09:36,871 - INFO - Текущий размер индекса: 6105 чанков
2026-07-05 18:09:36,882 - INFO - Новых файлов не обнаружено.
2026-07-05 18:09:36,883 - INFO - Обновление завершено за 13.19 сек.
2026-07-05 18:11:06,886 - INFO - ===== Запуск обновления индекса =====
2026-07-05 18:11:06,911 - INFO - Папка-источник: /app/new_docs
2026-07-05 18:11:06,913 - INFO - Загрузка модели эмбеддингов...
2026-07-05 18:11:06,968 - INFO - Loading SentenceTransformer model from /root/.cache/huggingface/hub/models--BAAI--bge-m3/snapshots/5617a9f61b028005a4858fdac845db406aefb181.
2026-07-05 18:11:31,473 - INFO - Текущий размер индекса: 6105 чанков
2026-07-05 18:11:31,513 - INFO - Новых файлов не обнаружено.
2026-07-05 18:11:31,516 - INFO - Обновление завершено за 24.63 сек.
2026-07-05 18:12:31,540 - INFO - ===== Запуск обновления индекса =====
2026-07-05 18:12:31,614 - INFO - Папка-источник: /app/new_docs
2026-07-05 18:12:31,617 - INFO - Загрузка модели эмбеддингов...
2026-07-05 18:12:31,800 - INFO - Loading SentenceTransformer model from /root/.cache/huggingface/hub/models--BAAI--bge-m3/snapshots/5617a9f61b028005a4858fdac845db406aefb181.
2026-07-05 18:12:59,381 - INFO - Текущий размер индекса: 6105 чанков
2026-07-05 18:12:59,394 - INFO - Новых файлов не обнаружено.
2026-07-05 18:12:59,395 - INFO - Обновление завершено за 27.87 сек.
2026-07-05 18:13:59,397 - INFO - ===== Запуск обновления индекса =====
2026-07-05 18:13:59,401 - INFO - Папка-источник: /app/new_docs
2026-07-05 18:13:59,405 - INFO - Загрузка модели эмбеддингов...
2026-07-05 18:13:59,429 - INFO - Loading SentenceTransformer model from /root/.cache/huggingface/hub/models--BAAI--bge-m3/snapshots/5617a9f61b028005a4858fdac845db406aefb181.
2026-07-05 18:14:03,649 - INFO - Текущий размер индекса: 6105 чанков
2026-07-05 18:14:03,658 - INFO - Новых файлов не обнаружено.
2026-07-05 18:14:03,658 - INFO - Обновление завершено за 4.26 сек.
2026-07-05 18:15:33,651 - INFO - ===== Запуск обновления индекса =====
2026-07-05 18:15:33,660 - INFO - Папка-источник: /app/new_docs
2026-07-05 18:15:33,666 - INFO - Загрузка модели эмбеддингов...
2026-07-05 18:15:33,692 - INFO - Loading SentenceTransformer model from /root/.cache/huggingface/hub/models--BAAI--bge-m3/snapshots/5617a9f61b028005a4858fdac845db406aefb181.
2026-07-05 18:15:37,589 - INFO - Текущий размер индекса: 6105 чанков
2026-07-05 18:15:37,596 - INFO - Новых файлов не обнаружено.
2026-07-05 18:15:37,596 - INFO - Обновление завершено за 3.95 сек.
2026-07-05 18:17:07,590 - INFO - ===== Запуск обновления индекса =====
2026-07-05 18:17:07,605 - INFO - Папка-источник: /app/new_docs
2026-07-05 18:17:07,608 - INFO - Загрузка модели эмбеддингов...
2026-07-05 18:17:07,632 - INFO - Loading SentenceTransformer model from /root/.cache/huggingface/hub/models--BAAI--bge-m3/snapshots/5617a9f61b028005a4858fdac845db406aefb181.
2026-07-05 18:17:11,898 - INFO - Текущий размер индекса: 6105 чанков
2026-07-05 18:17:11,920 - INFO - Найдено новых файлов: 1
2026-07-05 18:17:11,920 - INFO - Обработка: Dark side artifact.txt
2026-07-05 18:17:25,881 - INFO - Добавлено чанков: 1
2026-07-05 18:17:25,892 - INFO - Новый размер индекса: 6106
2026-07-05 18:17:25,894 - INFO - Обновление завершено за 18.30 сек.
2026-07-05 18:18:55,895 - INFO - ===== Запуск обновления индекса =====
2026-07-05 18:18:55,904 - INFO - Папка-источник: /app/new_docs
2026-07-05 18:18:55,910 - INFO - Загрузка модели эмбеддингов...
2026-07-05 18:18:55,991 - INFO - Loading SentenceTransformer model from /root/.cache/huggingface/hub/models--BAAI--bge-m3/snapshots/5617a9f61b028005a4858fdac845db406aefb181.
2026-07-05 18:19:08,438 - INFO - Текущий размер индекса: 6106 чанков
2026-07-05 18:19:08,450 - INFO - Новых файлов не обнаружено.
2026-07-05 18:19:08,451 - INFO - Обновление завершено за 12.56 сек.
2026-07-05 18:20:38,443 - INFO - ===== Запуск обновления индекса =====
2026-07-05 18:20:38,451 - INFO - Папка-источник: /app/new_docs
2026-07-05 18:20:38,457 - INFO - Загрузка модели эмбеддингов...
2026-07-05 18:20:38,483 - INFO - Loading SentenceTransformer model from /root/.cache/huggingface/hub/models--BAAI--bge-m3/snapshots/5617a9f61b028005a4858fdac845db406aefb181.
2026-07-05 18:20:42,718 - INFO - Текущий размер индекса: 6106 чанков
2026-07-05 18:20:42,727 - INFO - Новых файлов не обнаружено.
2026-07-05 18:20:42,728 - INFO - Обновление завершено за 4.28 сек.
2026-07-05 18:22:12,717 - INFO - ===== Запуск обновления индекса =====
2026-07-05 18:22:12,729 - INFO - Папка-источник: /app/new_docs
2026-07-05 18:22:12,734 - INFO - Загрузка модели эмбеддингов...
2026-07-05 18:22:12,758 - INFO - Loading SentenceTransformer model from /root/.cache/huggingface/hub/models--BAAI--bge-m3/snapshots/5617a9f61b028005a4858fdac845db406aefb181.
2026-07-05 18:22:17,791 - INFO - Текущий размер индекса: 6106 чанков
2026-07-05 18:22:17,800 - INFO - Новых файлов не обнаружено.
2026-07-05 18:22:17,801 - INFO - Обновление завершено за 5.08 сек.
2026-07-05 18:23:47,793 - INFO - ===== Запуск обновления индекса =====
2026-07-05 18:23:47,799 - INFO - Папка-источник: /app/new_docs
2026-07-05 18:23:47,802 - INFO - Загрузка модели эмбеддингов...
2026-07-05 18:23:47,823 - INFO - Loading SentenceTransformer model from /root/.cache/huggingface/hub/models--BAAI--bge-m3/snapshots/5617a9f61b028005a4858fdac845db406aefb181.
2026-07-05 18:23:52,200 - INFO - Текущий размер индекса: 6106 чанков
2026-07-05 18:23:52,209 - INFO - Новых файлов не обнаружено.
2026-07-05 18:23:52,210 - INFO - Обновление завершено за 4.42 сек.
2026-07-05 18:27:56,024 - INFO - Планировщик запущен. Обновление будет выполняться каждый день в 06:00.
2026-07-05 18:27:56,028 - INFO - ===== Запуск обновления индекса =====
2026-07-05 18:27:56,030 - INFO - Папка-источник: /app/new_docs
2026-07-05 18:27:56,032 - INFO - Загрузка модели эмбеддингов...
2026-07-05 18:27:56,052 - INFO - Loading SentenceTransformer model from /root/.cache/huggingface/hub/models--BAAI--bge-m3/snapshots/5617a9f61b028005a4858fdac845db406aefb181.
2026-07-05 18:28:04,595 - INFO - Текущий размер индекса: 6106 чанков
2026-07-05 18:28:04,608 - INFO - Новых файлов не обнаружено.
2026-07-05 18:28:04,608 - INFO - Обновление завершено за 8.58 сек.
2026-07-05 18:29:34,608 - INFO - ===== Запуск обновления индекса =====
2026-07-05 18:29:34,611 - INFO - Папка-источник: /app/new_docs
2026-07-05 18:29:34,614 - INFO - Загрузка модели эмбеддингов...
2026-07-05 18:29:34,635 - INFO - Loading SentenceTransformer model from /root/.cache/huggingface/hub/models--BAAI--bge-m3/snapshots/5617a9f61b028005a4858fdac845db406aefb181.
2026-07-05 18:29:44,351 - INFO - Текущий размер индекса: 6106 чанков
2026-07-05 18:29:44,362 - INFO - Новых файлов не обнаружено.
2026-07-05 18:29:44,363 - INFO - Обновление завершено за 9.75 сек.
2026-07-05 18:31:14,377 - INFO - ===== Запуск обновления индекса =====
2026-07-05 18:31:14,424 - INFO - Папка-источник: /app/new_docs
2026-07-05 18:31:14,426 - INFO - Загрузка модели эмбеддингов...
2026-07-05 18:31:14,486 - INFO - Loading SentenceTransformer model from /root/.cache/huggingface/hub/models--BAAI--bge-m3/snapshots/5617a9f61b028005a4858fdac845db406aefb181.
2026-07-05 18:31:24,278 - INFO - Текущий размер индекса: 6106 чанков
2026-07-05 18:31:24,290 - INFO - Новых файлов не обнаружено.
2026-07-05 18:31:24,291 - INFO - Обновление завершено за 9.92 сек.
2026-07-05 18:32:54,279 - INFO - ===== Запуск обновления индекса =====
2026-07-05 18:32:54,286 - INFO - Папка-источник: /app/new_docs
2026-07-05 18:32:54,291 - INFO - Загрузка модели эмбеддингов...
2026-07-05 18:32:54,346 - INFO - Loading SentenceTransformer model from /root/.cache/huggingface/hub/models--BAAI--bge-m3/snapshots/5617a9f61b028005a4858fdac845db406aefb181.
2026-07-05 18:32:57,758 - INFO - Текущий размер индекса: 6106 чанков
2026-07-05 18:32:57,766 - INFO - Новых файлов не обнаружено.
2026-07-05 18:32:57,766 - INFO - Обновление завершено за 3.49 сек.
2026-07-05 18:34:27,761 - INFO - ===== Запуск обновления индекса =====
2026-07-05 18:34:27,782 - INFO - Папка-источник: /app/new_docs
2026-07-05 18:34:27,784 - INFO - Загрузка модели эмбеддингов...
2026-07-05 18:34:27,813 - INFO - Loading SentenceTransformer model from /root/.cache/huggingface/hub/models--BAAI--bge-m3/snapshots/5617a9f61b028005a4858fdac845db406aefb181.
2026-07-05 18:34:34,060 - INFO - Текущий размер индекса: 6106 чанков
2026-07-05 18:34:34,070 - INFO - Новых файлов не обнаружено.
2026-07-05 18:34:34,072 - INFO - Обновление завершено за 6.31 сек.
2026-07-05 18:36:04,061 - INFO - ===== Запуск обновления индекса =====
2026-07-05 18:36:04,070 - INFO - Папка-источник: /app/new_docs
2026-07-05 18:36:04,075 - INFO - Загрузка модели эмбеддингов...
2026-07-05 18:36:04,106 - INFO - Loading SentenceTransformer model from /root/.cache/huggingface/hub/models--BAAI--bge-m3/snapshots/5617a9f61b028005a4858fdac845db406aefb181.
2026-07-05 18:36:07,687 - INFO - Текущий размер индекса: 6106 чанков
2026-07-05 18:36:07,695 - INFO - Новых файлов не обнаружено.
2026-07-05 18:36:07,695 - INFO - Обновление завершено за 3.63 сек.
2026-07-05 18:37:37,688 - INFO - ===== Запуск обновления индекса =====
2026-07-05 18:37:37,700 - INFO - Папка-источник: /app/new_docs
2026-07-05 18:37:37,703 - INFO - Загрузка модели эмбеддингов...
2026-07-05 18:37:37,726 - INFO - Loading SentenceTransformer model from /root/.cache/huggingface/hub/models--BAAI--bge-m3/snapshots/5617a9f61b028005a4858fdac845db406aefb181.
2026-07-05 18:37:42,000 - INFO - Текущий размер индекса: 6106 чанков
2026-07-05 18:37:42,007 - INFO - Новых файлов не обнаружено.
2026-07-05 18:37:42,008 - INFO - Обновление завершено за 4.32 сек.
2026-07-05 18:39:12,000 - INFO - ===== Запуск обновления индекса =====
2026-07-05 18:39:12,003 - INFO - Папка-источник: /app/new_docs
2026-07-05 18:39:12,005 - INFO - Загрузка модели эмбеддингов...
2026-07-05 18:39:12,021 - INFO - Loading SentenceTransformer model from /root/.cache/huggingface/hub/models--BAAI--bge-m3/snapshots/5617a9f61b028005a4858fdac845db406aefb181.
2026-07-05 18:39:15,452 - INFO - Текущий размер индекса: 6106 чанков
2026-07-05 18:39:15,466 - INFO - Найдено новых файлов: 1
2026-07-05 18:39:15,467 - INFO - Обработка: Dark side artifact.txt
2026-07-05 18:39:32,501 - INFO - Добавлено чанков: 1
2026-07-05 18:39:32,502 - INFO - Новый размер индекса: 6107
2026-07-05 18:39:32,504 - INFO - Обновление завершено за 20.50 сек.
2026-07-05 18:41:02,498 - INFO - ===== Запуск обновления индекса =====
2026-07-05 18:41:02,525 - INFO - Папка-источник: /app/new_docs
2026-07-05 18:41:02,527 - INFO - Загрузка модели эмбеддингов...
2026-07-05 18:41:02,561 - INFO - Loading SentenceTransformer model from /root/.cache/huggingface/hub/models--BAAI--bge-m3/snapshots/5617a9f61b028005a4858fdac845db406aefb181.
2026-07-05 18:41:14,279 - INFO - Текущий размер индекса: 6107 чанков
2026-07-05 18:41:14,291 - INFO - Новых файлов не обнаружено.
2026-07-05 18:41:14,292 - INFO - Обновление завершено за 11.79 сек.
2026-07-05 18:42:44,284 - INFO - ===== Запуск обновления индекса =====
2026-07-05 18:42:44,291 - INFO - Папка-источник: /app/new_docs
2026-07-05 18:42:44,293 - INFO - Загрузка модели эмбеддингов...
2026-07-05 18:42:44,310 - INFO - Loading SentenceTransformer model from /root/.cache/huggingface/hub/models--BAAI--bge-m3/snapshots/5617a9f61b028005a4858fdac845db406aefb181.
2026-07-05 18:42:48,890 - INFO - Текущий размер индекса: 6107 чанков
2026-07-05 18:42:48,900 - INFO - Новых файлов не обнаружено.
2026-07-05 18:42:48,901 - INFO - Обновление завершено за 4.62 сек.
2026-07-05 18:44:18,894 - INFO - ===== Запуск обновления индекса =====
2026-07-05 18:44:18,908 - INFO - Папка-источник: /app/new_docs
2026-07-05 18:44:18,915 - INFO - Загрузка модели эмбеддингов...
2026-07-05 18:44:18,942 - INFO - Loading SentenceTransformer model from /root/.cache/huggingface/hub/models--BAAI--bge-m3/snapshots/5617a9f61b028005a4858fdac845db406aefb181.
2026-07-05 18:44:22,871 - INFO - Текущий размер индекса: 6107 чанков
2026-07-05 18:44:22,881 - INFO - Новых файлов не обнаружено.
2026-07-05 18:44:22,882 - INFO - Обновление завершено за 3.99 сек.
2026-07-05 18:45:52,874 - INFO - ===== Запуск обновления индекса =====
2026-07-05 18:45:52,878 - INFO - Папка-источник: /app/new_docs
2026-07-05 18:45:52,881 - INFO - Загрузка модели эмбеддингов...
2026-07-05 18:45:52,901 - INFO - Loading SentenceTransformer model from /root/.cache/huggingface/hub/models--BAAI--bge-m3/snapshots/5617a9f61b028005a4858fdac845db406aefb181.
2026-07-05 18:45:56,670 - INFO - Текущий размер индекса: 6107 чанков
2026-07-05 18:45:56,678 - INFO - Новых файлов не обнаружено.
2026-07-05 18:45:56,679 - INFO - Обновление завершено за 3.80 сек.
2026-07-05 18:49:16,229 - INFO - Планировщик запущен. Обновление будет выполняться каждый день в 06:00.
2026-07-05 18:49:16,238 - INFO - ===== Запуск обновления индекса =====
2026-07-05 18:49:16,240 - INFO - Папка-источник: /app/new_docs
2026-07-05 18:49:16,241 - INFO - Загрузка модели эмбеддингов...
2026-07-05 18:49:16,263 - INFO - Loading SentenceTransformer model from /root/.cache/huggingface/hub/models--BAAI--bge-m3/snapshots/5617a9f61b028005a4858fdac845db406aefb181.
2026-07-05 18:49:26,726 - INFO - Текущий размер индекса: 6107 чанков
2026-07-05 18:49:26,747 - INFO - Новых файлов не обнаружено.
2026-07-05 18:49:26,748 - INFO - Обновление завершено за 10.51 сек.
2026-07-05 18:50:56,740 - INFO - ===== Запуск обновления индекса =====
2026-07-05 18:50:56,750 - INFO - Папка-источник: /app/new_docs
2026-07-05 18:50:56,760 - INFO - Загрузка модели эмбеддингов...
2026-07-05 18:50:56,899 - INFO - Loading SentenceTransformer model from /root/.cache/huggingface/hub/models--BAAI--bge-m3/snapshots/5617a9f61b028005a4858fdac845db406aefb181.
2026-07-05 18:51:26,332 - INFO - Текущий размер индекса: 6107 чанков
2026-07-05 18:51:26,384 - INFO - Новых файлов не обнаружено.
2026-07-05 18:51:26,386 - INFO - Обновление завершено за 29.65 сек.
2026-07-05 18:52:26,390 - INFO - ===== Запуск обновления индекса =====
2026-07-05 18:52:26,393 - INFO - Папка-источник: /app/new_docs
2026-07-05 18:52:26,394 - INFO - Загрузка модели эмбеддингов...
2026-07-05 18:52:26,426 - INFO - Loading SentenceTransformer model from /root/.cache/huggingface/hub/models--BAAI--bge-m3/snapshots/5617a9f61b028005a4858fdac845db406aefb181.
2026-07-05 18:52:34,391 - INFO - Текущий размер индекса: 6107 чанков
2026-07-05 18:52:34,404 - INFO - Новых файлов не обнаружено.
2026-07-05 18:52:34,405 - INFO - Обновление завершено за 8.02 сек.
2026-07-05 18:54:04,403 - INFO - ===== Запуск обновления индекса =====
2026-07-05 18:54:04,411 - INFO - Папка-источник: /app/new_docs
2026-07-05 18:54:04,412 - INFO - Загрузка модели эмбеддингов...
2026-07-05 18:54:04,442 - INFO - Loading SentenceTransformer model from /root/.cache/huggingface/hub/models--BAAI--bge-m3/snapshots/5617a9f61b028005a4858fdac845db406aefb181.
2026-07-05 18:54:10,232 - INFO - Текущий размер индекса: 6107 чанков
2026-07-05 18:54:10,241 - INFO - Новых файлов не обнаружено.
2026-07-05 18:54:10,242 - INFO - Обновление завершено за 5.84 сек.
2026-07-05 18:55:24,072 - INFO - Планировщик запущен. Обновление будет выполняться каждый день в 06:00.
2026-07-05 18:55:24,080 - INFO - ===== Запуск обновления индекса =====
2026-07-05 18:55:24,082 - INFO - Папка-источник: /app/new_docs
2026-07-05 18:55:24,083 - INFO - Загрузка модели эмбеддингов...
2026-07-05 18:55:24,112 - INFO - Loading SentenceTransformer model from /root/.cache/huggingface/hub/models--BAAI--bge-m3/snapshots/5617a9f61b028005a4858fdac845db406aefb181.
2026-07-05 18:55:35,231 - INFO - Текущий размер индекса: 6107 чанков
2026-07-05 18:55:35,248 - INFO - Новых файлов не обнаружено.
2026-07-05 18:55:35,249 - INFO - Обновление завершено за 11.17 сек.
2026-07-05 18:57:05,257 - INFO - ===== Запуск обновления индекса =====
2026-07-05 18:57:05,299 - INFO - Папка-источник: /app/new_docs
2026-07-05 18:57:05,303 - INFO - Загрузка модели эмбеддингов...
2026-07-05 18:57:05,437 - INFO - Loading SentenceTransformer model from /root/.cache/huggingface/hub/models--BAAI--bge-m3/snapshots/5617a9f61b028005a4858fdac845db406aefb181.
2026-07-05 18:57:57,066 - INFO - Текущий размер индекса: 6107 чанков
2026-07-05 18:57:57,154 - INFO - Новых файлов не обнаружено.
2026-07-05 18:57:57,253 - INFO - Обновление завершено за 51.90 сек.
2026-07-05 18:59:38,596 - INFO - Планировщик запущен. Обновление будет выполняться каждый день в 06:00.
2026-07-05 18:59:38,601 - INFO - ===== Запуск обновления индекса =====
2026-07-05 18:59:38,603 - INFO - Папка-источник: /app/new_docs
2026-07-05 18:59:38,605 - INFO - Загрузка модели эмбеддингов...
2026-07-05 18:59:38,634 - INFO - Loading SentenceTransformer model from /root/.cache/huggingface/hub/models--BAAI--bge-m3/snapshots/5617a9f61b028005a4858fdac845db406aefb181.
2026-07-05 18:59:48,274 - INFO - Текущий размер индекса: 6107 чанков
2026-07-05 18:59:48,294 - INFO - Новых файлов не обнаружено.
2026-07-05 18:59:48,296 - INFO - Обновление завершено за 9.70 сек.
2026-07-05 19:33:52,032 - INFO - Планировщик запущен. Обновление будет выполняться каждый день в 06:00.
2026-07-05 19:33:52,037 - INFO - ===== Запуск обновления индекса =====
2026-07-05 19:33:52,040 - INFO - Папка-источник: /app/new_docs
2026-07-05 19:33:52,041 - INFO - Загрузка модели эмбеддингов...
2026-07-05 19:33:52,077 - INFO - Loading SentenceTransformer model from /root/.cache/huggingface/hub/models--BAAI--bge-m3/snapshots/5617a9f61b028005a4858fdac845db406aefb181.
2026-07-05 19:33:59,724 - INFO - Текущий размер индекса: 6105 чанков
2026-07-05 19:33:59,738 - INFO - Новых файлов не обнаружено.
2026-07-05 19:33:59,739 - INFO - Обновление завершено за 7.70 сек.
2026-07-05 19:50:46,390 - INFO - Планировщик запущен. Обновление будет выполняться каждый день в 06:00.
2026-07-05 19:50:46,397 - INFO - ===== Запуск обновления индекса =====
2026-07-05 19:50:46,398 - INFO - Папка-источник: /app/new_docs
2026-07-05 19:50:46,400 - INFO - Загрузка модели эмбеддингов...
2026-07-05 19:50:46,426 - INFO - Loading SentenceTransformer model from /root/.cache/huggingface/hub/models--BAAI--bge-m3/snapshots/5617a9f61b028005a4858fdac845db406aefb181.
2026-07-05 19:50:55,950 - INFO - Текущий размер индекса: 6105 чанков
2026-07-05 19:50:55,989 - INFO - Новых файлов не обнаружено.
2026-07-05 19:50:55,990 - INFO - Обновление завершено за 9.59 сек.
2026-07-05 20:04:14,597 - INFO - Планировщик запущен. Обновление будет выполняться каждый день в 06:00.
2026-07-05 20:04:14,600 - INFO - ===== Запуск обновления индекса =====
2026-07-05 20:04:14,603 - INFO - Папка-источник: /app/new_docs
2026-07-05 20:04:14,604 - INFO - Загрузка модели эмбеддингов...
2026-07-05 20:04:14,627 - INFO - Loading SentenceTransformer model from /root/.cache/huggingface/hub/models--BAAI--bge-m3/snapshots/5617a9f61b028005a4858fdac845db406aefb181.
2026-07-05 20:04:24,785 - INFO - Текущий размер индекса: 6105 чанков
2026-07-05 20:04:24,796 - INFO - Найдено новых файлов: 1
2026-07-05 20:04:24,796 - INFO - Обработка: Dark side artifact.txt
2026-07-05 20:04:40,481 - INFO - Добавлено чанков: 1
2026-07-05 20:04:40,482 - INFO - Новый размер индекса: 6106
2026-07-05 20:04:40,482 - INFO - Обновление завершено за 25.88 сек.
